2026-06-18 04:36:05,532 - __main__ - INFO - 运行在 GitHub Actions 环境
2026-06-18 04:36:05,532 - __main__ - INFO - 配置检查通过，监控 1 个账户
2026-06-18 04:36:05,532 - __main__ - INFO -   - @aleabitoreddit
2026-06-18 04:36:05,532 - twitter_client - INFO - 使用 Nitter RSS 客户端（免登录）
2026-06-18 04:36:05,532 - storage - INFO - 存储文件不存在，创建新文件: processed_tweets.json
2026-06-18 04:36:05,532 - __main__ - INFO - 使用 Webhook 群消息方式
2026-06-18 04:36:05,532 - __main__ - INFO - ==================================================
2026-06-18 04:36:05,532 - __main__ - INFO - Twitter to Feishu Bot - 单次运行
2026-06-18 04:36:05,533 - __main__ - INFO - ==================================================
2026-06-18 04:36:05,533 - __main__ - INFO - 开始处理 1 个账户...
2026-06-18 04:36:05,533 - __main__ - INFO - 处理账户: @aleabitoreddit -> Webhook 群消息
2026-06-18 04:36:05,533 - twitter_client - INFO - 尝试 Nitter RSS: https://nitter.net
2026-06-18 04:36:06,086 - twitter_client - WARNING - 实例 https://nitter.net 请求失败: 429 Client Error: Too Many Requests for url: https://nitter.net/aleabitoreddit/rss
2026-06-18 04:36:08,087 - twitter_client - INFO - 尝试 Nitter RSS: https://nitter.poast.org
2026-06-18 04:36:08,312 - twitter_client - WARNING - 实例 https://nitter.poast.org 请求失败: 403 Client Error: Forbidden for url: https://nitter.poast.org/aleabitoreddit/rss
2026-06-18 04:36:10,312 - twitter_client - INFO - 尝试 Nitter RSS: https://nitter.privacyredirect.com
2026-06-18 04:36:10,943 - twitter_client - WARNING - 实例 https://nitter.privacyredirect.com 返回了非 RSS 内容
2026-06-18 04:36:12,943 - twitter_client - INFO - 尝试 Nitter RSS: https://nitter.tiekoetter.com
2026-06-18 04:36:13,823 - twitter_client - WARNING - 实例 https://nitter.tiekoetter.com 返回了非 RSS 内容
2026-06-18 04:36:15,823 - twitter_client - INFO - 尝试 Nitter RSS: https://xcancel.com
2026-06-18 04:36:16,484 - twitter_client - WARNING - 实例 https://xcancel.com 请求失败: 400 Client Error: Bad Request for url: https://rss.xcancel.com/aleabitoreddit/rss
2026-06-18 04:36:16,484 - twitter_client - ERROR - 所有 Nitter 实例都不可用
2026-06-18 04:36:16,484 - __main__ - INFO - 用户 @aleabitoreddit 没有新推文
2026-06-18 04:36:18,485 - __main__ - INFO - 所有账户处理完成
2026-06-18 04:36:18,485 - __main__ - INFO - 单次运行完成
2026-06-18 06:46:26,649 - __main__ - INFO - 运行在 GitHub Actions 环境
2026-06-18 06:46:26,649 - __main__ - INFO - 配置检查通过，监控 1 个账户
2026-06-18 06:46:26,649 - __main__ - INFO -   - @aleabitoreddit
2026-06-18 06:46:26,650 - twitter_client - INFO - 使用 Nitter RSS 客户端（免登录）
2026-06-18 06:46:26,650 - storage - ERROR - 加载存储文件失败: Expecting value: line 1 column 1 (char 0)
2026-06-18 06:46:26,650 - __main__ - INFO - 使用 Webhook 群消息方式
2026-06-18 06:46:26,650 - __main__ - INFO - ==================================================
2026-06-18 06:46:26,650 - __main__ - INFO - Twitter to Feishu Bot - 单次运行
2026-06-18 06:46:26,650 - __main__ - INFO - ==================================================
2026-06-18 06:46:26,650 - __main__ - INFO - 开始处理 1 个账户...
2026-06-18 06:46:26,650 - __main__ - INFO - 处理账户: @aleabitoreddit -> Webhook 群消息
2026-06-18 06:46:26,650 - twitter_client - INFO - 尝试 Nitter RSS: https://nitter.net
2026-06-18 06:46:27,245 - twitter_client - WARNING - 实例 https://nitter.net 请求失败: 429 Client Error: Too Many Requests for url: https://nitter.net/aleabitoreddit/rss
2026-06-18 06:46:29,246 - twitter_client - INFO - 尝试 Nitter RSS: https://nitter.poast.org
2026-06-18 06:46:29,564 - twitter_client - WARNING - 实例 https://nitter.poast.org 请求失败: 403 Client Error: Forbidden for url: https://nitter.poast.org/aleabitoreddit/rss
2026-06-18 06:46:31,564 - twitter_client - INFO - 尝试 Nitter RSS: https://nitter.privacyredirect.com
2026-06-18 06:46:32,349 - twitter_client - WARNING - 实例 https://nitter.privacyredirect.com 返回了非 RSS 内容
2026-06-18 06:46:34,349 - twitter_client - INFO - 尝试 Nitter RSS: https://nitter.tiekoetter.com
2026-06-18 06:46:34,913 - twitter_client - WARNING - 实例 https://nitter.tiekoetter.com 返回了非 RSS 内容
2026-06-18 06:46:36,913 - twitter_client - INFO - 尝试 Nitter RSS: https://xcancel.com
2026-06-18 06:46:38,151 - twitter_client - WARNING - 实例 https://xcancel.com 请求失败: 400 Client Error: Bad Request for url: https://rss.xcancel.com/aleabitoreddit/rss
2026-06-18 06:46:38,151 - twitter_client - ERROR - 所有 Nitter 实例都不可用
2026-06-18 06:46:38,151 - __main__ - INFO - 用户 @aleabitoreddit 没有新推文
2026-06-18 06:46:40,151 - __main__ - INFO - 所有账户处理完成
2026-06-18 06:46:40,151 - __main__ - INFO - 单次运行完成
2026-06-18 06:54:32,882 - __main__ - INFO - 运行在 GitHub Actions 环境
2026-06-18 06:54:32,883 - __main__ - INFO - 配置检查通过，监控 1 个账户
2026-06-18 06:54:32,883 - __main__ - INFO -   - @aleabitoreddit
2026-06-18 06:54:32,883 - twitter_client - INFO - 使用 Nitter RSS 客户端（免登录）
2026-06-18 06:54:32,883 - storage - ERROR - 加载存储文件失败: Expecting value: line 1 column 1 (char 0)
2026-06-18 06:54:32,883 - __main__ - INFO - 使用 Webhook 群消息方式
2026-06-18 06:54:32,883 - __main__ - INFO - ==================================================
2026-06-18 06:54:32,883 - __main__ - INFO - Twitter to Feishu Bot - 单次运行
2026-06-18 06:54:32,883 - __main__ - INFO - ==================================================
2026-06-18 06:54:32,883 - __main__ - INFO - 开始处理 1 个账户...
2026-06-18 06:54:32,883 - __main__ - INFO - 处理账户: @aleabitoreddit -> Webhook 群消息
2026-06-18 06:54:32,883 - twitter_client - INFO - 尝试 Nitter RSS: https://nitter.net
2026-06-18 06:54:33,687 - twitter_client - INFO - 成功使用 Nitter 实例: https://nitter.net
2026-06-18 06:54:33,688 - twitter_client - INFO - 找到 19 条推文
2026-06-18 06:54:33,691 - twitter_client - INFO - 成功解析 1 条推文
2026-06-18 06:54:33,691 - __main__ - INFO - 用户 @aleabitoreddit 发现 1 条新推文
2026-06-18 06:54:33,691 - __main__ - INFO - 处理推文: 2067429702319673542
2026-06-18 06:54:33,691 - translator - INFO - 使用 Google 翻译
2026-06-18 06:54:34,266 - __main__ - INFO - 原文: The 1st large scale X study on stock market net worth has finished!From the 6000+ responses of those...
2026-06-18 06:54:34,267 - __main__ - INFO - 译文: 第一个关于股票市场净值的大规模 X 研究已经完成！从 X 财经活跃用户的 6000 多个回复中，结果如下：5.8% - $10M+15% - $1m - $10M35.9% - $100k - $1M...
2026-06-18 06:54:35,240 - feishu_client - INFO - Webhook 消息发送成功
2026-06-18 06:54:35,241 - __main__ - INFO - 推文 2067429702319673542 已成功发送到群
2026-06-18 06:54:35,242 - storage - INFO - 标记推文 2067429702319673542 为已处理
2026-06-18 06:54:38,242 - __main__ - INFO - 所有账户处理完成
2026-06-18 06:54:38,242 - __main__ - INFO - 单次运行完成
2026-06-18 07:29:41,165 - __main__ - INFO - 运行在 GitHub Actions 环境
2026-06-18 07:29:41,166 - __main__ - INFO - 配置检查通过，监控 1 个账户
2026-06-18 07:29:41,166 - __main__ - INFO -   - @aleabitoreddit
2026-06-18 07:29:41,166 - twitter_client - INFO - 使用 Nitter RSS 客户端（免登录）
2026-06-18 07:29:41,166 - storage - INFO - 已加载 1 条已处理推文记录
2026-06-18 07:29:41,166 - __main__ - INFO - 使用 Webhook 群消息方式
2026-06-18 07:29:41,166 - __main__ - INFO - ==================================================
2026-06-18 07:29:41,166 - __main__ - INFO - Twitter to Feishu Bot - 单次运行
2026-06-18 07:29:41,166 - __main__ - INFO - ==================================================
2026-06-18 07:29:41,166 - __main__ - INFO - 开始处理 1 个账户...
2026-06-18 07:29:41,166 - __main__ - INFO - 处理账户: @aleabitoreddit -> Webhook 群消息
2026-06-18 07:29:41,166 - twitter_client - INFO - 尝试 Nitter RSS: https://nitter.net
2026-06-18 07:29:42,063 - twitter_client - INFO - 成功使用 Nitter 实例: https://nitter.net
2026-06-18 07:29:42,064 - twitter_client - INFO - 找到 19 条推文
2026-06-18 07:29:42,066 - twitter_client - INFO - 成功解析 1 条推文
2026-06-18 07:29:42,066 - __main__ - INFO - 用户 @aleabitoreddit 发现 0 条新推文
2026-06-18 07:29:44,067 - __main__ - INFO - 所有账户处理完成
2026-06-18 07:29:44,067 - __main__ - INFO - 单次运行完成
2026-06-18 08:52:46,989 - __main__ - INFO - 运行在 GitHub Actions 环境
2026-06-18 08:52:46,990 - __main__ - INFO - 配置检查通过，监控 1 个账户
2026-06-18 08:52:46,990 - __main__ - INFO -   - @aleabitoreddit
2026-06-18 08:52:46,990 - twitter_client - INFO - 使用 Nitter RSS 客户端（免登录）
2026-06-18 08:52:46,990 - storage - INFO - 已加载 1 条已处理推文记录
2026-06-18 08:52:46,990 - __main__ - INFO - 使用 Webhook 群消息方式
2026-06-18 08:52:46,990 - __main__ - INFO - ==================================================
2026-06-18 08:52:46,990 - __main__ - INFO - Twitter to Feishu Bot - 单次运行
2026-06-18 08:52:46,990 - __main__ - INFO - ==================================================
2026-06-18 08:52:46,990 - __main__ - INFO - 开始处理 1 个账户...
2026-06-18 08:52:46,990 - __main__ - INFO - 处理账户: @aleabitoreddit -> Webhook 群消息
2026-06-18 08:52:46,990 - twitter_client - INFO - 尝试 Nitter RSS: https://nitter.net
2026-06-18 08:52:47,480 - twitter_client - WARNING - 实例 https://nitter.net 未返回有效数据 (status=429, len=0)
2026-06-18 08:52:50,480 - twitter_client - INFO - 尝试 Nitter RSS: https://xcancel.com
2026-06-18 08:52:51,101 - twitter_client - WARNING - 实例 https://xcancel.com 未返回有效数据 (status=400, len=49)
2026-06-18 08:52:54,101 - twitter_client - INFO - 尝试 Nitter RSS: https://nitter.poast.org
2026-06-18 08:52:54,335 - twitter_client - WARNING - 实例 https://nitter.poast.org 未返回有效数据 (status=403, len=19973)
2026-06-18 08:52:57,335 - twitter_client - INFO - 尝试 Nitter RSS: https://nitter.privacyredirect.com
2026-06-18 08:52:57,934 - twitter_client - WARNING - 实例 https://nitter.privacyredirect.com 返回了非 RSS 内容 (前200字符: <!doctype html><html lang="en"><head><title>Making sure you&#39;re not a bot!</title><link rel="stylesheet" href="/.within.website/x/xess/xess.min.css?cachebuster=v1.25.0"><meta name="viewport" conten)
2026-06-18 08:53:00,934 - twitter_client - INFO - 尝试 Nitter RSS: https://nitter.tiekoetter.com
2026-06-18 08:53:01,881 - twitter_client - WARNING - 实例 https://nitter.tiekoetter.com 返回了非 RSS 内容 (前200字符: <!doctype html><html lang="en"><head><title>Making sure you&#39;re not a bot!</title><link rel="stylesheet" href="/.within.website/x/xess/xess.min.css?cachebuster=v1.25.1-0.20260617231326-40d497332ee5)
2026-06-18 08:53:04,882 - twitter_client - INFO - 尝试 Nitter RSS: https://nitter.space
2026-06-18 08:53:04,974 - twitter_client - WARNING - 实例 https://nitter.space 未返回有效数据 (status=403, len=5467)
2026-06-18 08:53:07,974 - twitter_client - INFO - 尝试 Nitter RSS: https://nitter.catsarch.com
2026-06-18 08:53:08,318 - twitter_client - WARNING - 实例 https://nitter.catsarch.com 返回了非 RSS 内容 (前200字符: <!doctype html><html lang="en"><head><title>Making sure you&#39;re not a bot!</title><link rel="stylesheet" href="/.within.website/x/xess/xess.min.css?cachebuster=1.25.0"><meta name="viewport" content)
2026-06-18 08:53:11,318 - twitter_client - INFO - 尝试 Nitter RSS: https://nitter.kareem.one
2026-06-18 08:53:11,417 - twitter_client - WARNING - 实例 https://nitter.kareem.one 未返回有效数据 (status=403, len=5675)
2026-06-18 08:53:14,417 - twitter_client - INFO - 尝试 Nitter RSS: https://lightbrd.com
2026-06-18 08:53:14,538 - twitter_client - WARNING - 实例 https://lightbrd.com 未返回有效数据 (status=403, len=5467)
2026-06-18 08:53:17,538 - twitter_client - INFO - 尝试 Nitter RSS: https://nuku.trabun.org
2026-06-18 08:53:17,675 - twitter_client - WARNING - 实例 https://nuku.trabun.org 未返回有效数据 (status=403, len=5673)
2026-06-18 08:53:17,676 - twitter_client - ERROR - 所有 Nitter 实例都不可用
2026-06-18 08:53:17,676 - __main__ - INFO - 用户 @aleabitoreddit 没有新推文
2026-06-18 08:53:19,677 - __main__ - INFO - 所有账户处理完成
2026-06-18 08:53:19,677 - __main__ - INFO - 单次运行完成
